// Jest Snapshot v1, https://goo.gl/fbAQLP

exports[`dwadad 1`] = `
Object {
  "genre": "novel",
  "name": "The Great Gatsby",
  "year": 1925,
}
`;

exports[`Тестирование функций Array для разных типов Функция фильтрации 1`] = `
Array [
  1,
  2,
  3,
  5,
  6,
]
`;

exports[`Тестирование функций Array для разных типов Функция фильтрации 2`] = `
Array [
  "str1",
  "str2",
  "str3",
  "str5",
  "str6",
]
`;
